main.c:74:6:printf	16	static
main.c:83:5:main	64	static
main.c:140:6:SystemClock_Config	96	static
main.c:183:13:MX_CAN_Init	8	static
main.c:220:13:MX_TIM1_Init	112	static
main.c:304:13:MX_TIM2_Init	56	static
main.c:353:13:MX_TIM3_Init	56	static
main.c:402:13:MX_TIM7_Init	24	static
main.c:440:13:MX_USART2_UART_Init	16	static
main.c:476:13:MX_GPIO_Init	40	static
main.c:503:6:HAL_TIM_PeriodElapsedCallback	48	static
main.c:509:6:HAL_UART_RxCpltCallback	40	static
main.c:522:6:Error_Handler	4	static,ignoring_inline_asm
